::1 - - [27/Nov/2025:10:02:40 +0000] "POST /api/signup HTTP/1.1" 500 50 "-" "PostmanRuntime/7.49.1"
::1 - - [27/Nov/2025:10:10:38 +0000] "POST /api/signup HTTP/1.1" 500 36 "-" "PostmanRuntime/7.49.1"
::1 - - [27/Nov/2025:10:14:12 +0000] "POST /api/signup HTTP/1.1" 500 33 "-" "PostmanRuntime/7.49.1"
::1 - - [27/Nov/2025:10:16:34 +0000] "POST /api/signup HTTP/1.1" 500 50 "-" "PostmanRuntime/7.49.1"
::1 - - [27/Nov/2025:10:18:00 +0000] "POST /api/signup HTTP/1.1" 400 34 "-" "PostmanRuntime/7.49.1"
::1 - - [27/Nov/2025:10:18:37 +0000] "POST /api/signup HTTP/1.1" 400 34 "-" "PostmanRuntime/7.49.1"
::1 - - [27/Nov/2025:10:19:03 +0000] "POST /api/signup HTTP/1.1" 500 43 "-" "PostmanRuntime/7.49.1"
::1 - - [27/Nov/2025:10:20:29 +0000] "POST /api/signup HTTP/1.1" 201 310 "-" "PostmanRuntime/7.49.1"
::1 - - [27/Nov/2025:10:23:00 +0000] "POST /api/login HTTP/1.1" 200 310 "-" "PostmanRuntime/7.49.1"
::1 - - [27/Nov/2025:10:26:16 +0000] "POST /api/posts HTTP/1.1" 400 90 "-" "PostmanRuntime/7.49.1"
::1 - - [27/Nov/2025:10:27:05 +0000] "POST /api/posts HTTP/1.1" 400 90 "-" "PostmanRuntime/7.49.1"
::1 - - [27/Nov/2025:10:30:57 +0000] "POST /api/posts HTTP/1.1" 400 90 "-" "PostmanRuntime/7.49.1"
::1 - - [27/Nov/2025:10:31:38 +0000] "POST /api/posts HTTP/1.1" 400 90 "-" "PostmanRuntime/7.49.1"
::1 - - [27/Nov/2025:10:34:12 +0000] "POST /api/posts HTTP/1.1" 400 90 "-" "PostmanRuntime/7.49.1"
::1 - - [27/Nov/2025:10:38:06 +0000] "POST /api/posts HTTP/1.1" 400 171 "-" "PostmanRuntime/7.49.1"
::1 - - [27/Nov/2025:10:41:36 +0000] "POST /api/posts HTTP/1.1" 400 171 "-" "PostmanRuntime/7.49.1"
::1 - - [27/Nov/2025:10:42:00 +0000] "POST /api/posts HTTP/1.1" 500 35 "-" "PostmanRuntime/7.49.1"
::1 - - [27/Nov/2025:10:42:22 +0000] "POST /api/posts HTTP/1.1" 201 316 "-" "PostmanRuntime/7.49.1"
::1 - - [27/Nov/2025:10:43:12 +0000] "POST /api/posts HTTP/1.1" 403 50 "-" "PostmanRuntime/7.49.1"
::1 - - [27/Nov/2025:10:43:43 +0000] "POST /api/posts HTTP/1.1" 500 70 "-" "PostmanRuntime/7.49.1"
::1 - - [27/Nov/2025:10:44:13 +0000] "POST /api/posts HTTP/1.1" 403 50 "-" "PostmanRuntime/7.49.1"
::1 - - [27/Nov/2025:10:49:25 +0000] "POST /api/posts HTTP/1.1" 201 316 "-" "PostmanRuntime/7.49.1"
::1 - - [27/Nov/2025:10:50:03 +0000] "POST /api/posts HTTP/1.1" 201 277 "-" "PostmanRuntime/7.49.1"
::1 - - [27/Nov/2025:10:51:49 +0000] "GET /api/posts?searchText=str1 HTTP/1.1" 200 52 "-" "PostmanRuntime/7.49.1"
::1 - - [27/Nov/2025:10:51:56 +0000] "GET /api/posts?searchText=str1 HTTP/1.1" 200 52 "-" "PostmanRuntime/7.49.1"
::1 - - [27/Nov/2025:10:52:16 +0000] "GET /api/posts?searchText=str1 HTTP/1.1" 200 52 "-" "PostmanRuntime/7.49.1"
::1 - - [27/Nov/2025:10:52:40 +0000] "GET /api/posts?tags=str1 HTTP/1.1" 200 359 "-" "PostmanRuntime/7.49.1"
::1 - - [27/Nov/2025:10:53:03 +0000] "GET /api/posts?searchText=post HTTP/1.1" 200 628 "-" "PostmanRuntime/7.49.1"
::1 - - [27/Nov/2025:10:53:48 +0000] "GET /api/posts?searchText=description HTTP/1.1" 429 87 "-" "PostmanRuntime/7.49.1"
::1 - - [27/Nov/2025:10:54:08 +0000] "GET /api/posts?searchText=description HTTP/1.1" 429 87 "-" "PostmanRuntime/7.49.1"
::1 - - [27/Nov/2025:10:54:30 +0000] "GET /api/posts HTTP/1.1" 429 87 "-" "PostmanRuntime/7.49.1"
::1 - - [27/Nov/2025:11:38:05 +0000] "POST /api/posts HTTP/1.1" 201 305 "-" "PostmanRuntime/7.49.1"
::1 - - [27/Nov/2025:11:56:45 +0000] "POST /api/posts HTTP/1.1" 201 301 "-" "PostmanRuntime/7.49.1"
::1 - - [27/Nov/2025:11:59:11 +0000] "POST /api/signup HTTP/1.1" 400 128 "-" "PostmanRuntime/7.49.1"
::1 - - [27/Nov/2025:11:59:45 +0000] "POST /api/signup HTTP/1.1" 400 34 "-" "PostmanRuntime/7.49.1"
::1 - - [27/Nov/2025:12:39:33 +0000] "POST /api/signup HTTP/1.1" 201 303 "-" "PostmanRuntime/7.49.1"
::1 - - [27/Nov/2025:12:55:24 +0000] "POST /api/posts HTTP/1.1" 201 301 "-" "PostmanRuntime/7.49.1"
::1 - - [27/Nov/2025:12:55:43 +0000] "GET /api/posts?tags=str1,str2&startDate=2025-11-25 HTTP/1.1" 200 1242 "-" "PostmanRuntime/7.49.1"
::1 - - [27/Nov/2025:12:56:05 +0000] "GET /api/posts?tags=str3&startDate=2025-11-25 HTTP/1.1" 200 934 "-" "PostmanRuntime/7.49.1"
::1 - - [27/Nov/2025:13:00:10 +0000] "POST /api/signup HTTP/1.1" 201 307 "-" "PostmanRuntime/7.49.1"
::1 - - [27/Nov/2025:15:28:39 +0000] "POST /api/posts HTTP/1.1" 201 287 "-" "PostmanRuntime/7.49.1"
::1 - - [27/Nov/2025:15:28:53 +0000] "POST /api/posts HTTP/1.1" 201 287 "-" "PostmanRuntime/7.49.1"
::1 - - [27/Nov/2025:15:29:03 +0000] "POST /api/posts HTTP/1.1" 201 287 "-" "PostmanRuntime/7.49.1"
::1 - - [27/Nov/2025:15:29:11 +0000] "POST /api/posts HTTP/1.1" 201 288 "-" "PostmanRuntime/7.49.1"
::1 - - [27/Nov/2025:15:29:25 +0000] "POST /api/posts HTTP/1.1" 201 294 "-" "PostmanRuntime/7.49.1"
::1 - - [27/Nov/2025:15:29:31 +0000] "POST /api/posts HTTP/1.1" 201 295 "-" "PostmanRuntime/7.49.1"
::1 - - [27/Nov/2025:15:29:38 +0000] "GET /api/posts HTTP/1.1" 200 2902 "-" "PostmanRuntime/7.49.1"
::1 - - [27/Nov/2025:15:29:58 +0000] "GET /api/posts?limit=4 HTTP/1.1" 200 1183 "-" "PostmanRuntime/7.49.1"
::1 - - [27/Nov/2025:15:30:15 +0000] "GET /api/posts?page=4&limit=4 HTTP/1.1" 200 52 "-" "PostmanRuntime/7.49.1"
::1 - - [27/Nov/2025:15:30:20 +0000] "GET /api/posts?page=2&limit=4 HTTP/1.1" 200 1195 "-" "PostmanRuntime/7.49.1"
::1 - - [27/Nov/2025:17:40:01 +0000] "POST /api/login HTTP/1.1" 200 310 "-" "PostmanRuntime/7.49.1"
::1 - - [29/Nov/2025:15:32:38 +0000] "POST /addTask HTTP/1.1" 404 147 "-" "PostmanRuntime/7.49.1"
::1 - - [29/Nov/2025:15:33:15 +0000] "POST /posts/addTask HTTP/1.1" 404 153 "-" "PostmanRuntime/7.49.1"
::1 - - [29/Nov/2025:15:33:22 +0000] "POST /posts HTTP/1.1" 404 145 "-" "PostmanRuntime/7.49.1"
::1 - - [29/Nov/2025:15:33:49 +0000] "POST /api/posts HTTP/1.1" 400 94 "-" "PostmanRuntime/7.49.1"
::1 - - [29/Nov/2025:15:34:05 +0000] "POST /api/posts HTTP/1.1" 201 287 "-" "PostmanRuntime/7.49.1"
::1 - - [29/Nov/2025:15:35:18 +0000] "POST /api/posts HTTP/1.1" 201 322 "-" "PostmanRuntime/7.49.1"
